<html>
<body>
<pre>
<h1>µVision Build Log</h1>
<h2>Project:</h2>
E:\stm32_text\GOTO-Equatorial-master\GOTO-Equatorial-master\src\USER\PWM.uvprojx
Project File Date:  03/19/2018

<h2>Output:</h2>
Rebuild target 'Target 1'
compiling main.c...
compiling stm32f10x_it.c...
compiling system_stm32f10x.c...
compiling command.c...
compiling EQ3D.c...
compiling timer.c...
compiling delay.c...
compiling sys.c...
compiling usart.c...
compiling dma.c...
compiling core_cm3.c...
assembling startup_stm32f10x_hd.s...
compiling stm32f10x_gpio.c...
compiling stm32f10x_rcc.c...
compiling stm32f10x_usart.c...
compiling misc.c...
compiling stm32f10x_tim.c...
compiling stm32f10x_dma.c...
linking...
Program Size: Code=22368 RO-data=792 RW-data=76 ZI-data=1740  
FromELF: creating hex file...
"..\OBJ\PWM.axf" - 0 Error(s), 0 Warning(s).
</pre>
</body>
</html>
